2026-03-07 23:07:31 INFO  org.hibernate.jpa.internal.util.LogHelper - HHH000204: Processing PersistenceUnitInfo [name: bankPU]
2026-03-07 23:07:31 INFO  org.hibernate.Version - HHH000412: Hibernate ORM core version 6.4.4.Final
2026-03-07 23:07:31 INFO  org.hibernate.cache.internal.RegionFactoryInitiator - HHH000026: Second-level cache disabled
2026-03-07 23:07:32 WARN  org.hibernate.orm.connections.pooling - HHH10001002: Using built-in connection pool (not intended for production use)
2026-03-07 23:07:32 INFO  org.hibernate.orm.connections.pooling - HHH10001005: Loaded JDBC driver class: com.mysql.cj.jdbc.Driver
2026-03-07 23:07:32 INFO  org.hibernate.orm.connections.pooling - HHH10001012: Connecting with JDBC URL [jdbc:mysql://localhost:3306/bankdb]
2026-03-07 23:07:32 INFO  org.hibernate.orm.connections.pooling - HHH10001001: Connection properties: {user=root, password=****}
2026-03-07 23:07:32 INFO  org.hibernate.orm.connections.pooling - HHH10001003: Autocommit mode: false
2026-03-07 23:07:32 INFO  org.hibernate.orm.connections.pooling - HHH10001115: Connection pool size: 20 (min=1)
2026-03-07 23:07:35 INFO  org.hibernate.orm.connections.pooling - HHH10001008: Cleaning up connection pool [jdbc:mysql://localhost:3306/bankdb]
2026-03-07 23:34:14 INFO  org.hibernate.jpa.internal.util.LogHelper - HHH000204: Processing PersistenceUnitInfo [name: bankPU]
2026-03-07 23:34:14 INFO  org.hibernate.Version - HHH000412: Hibernate ORM core version 6.4.4.Final
2026-03-07 23:34:14 INFO  org.hibernate.cache.internal.RegionFactoryInitiator - HHH000026: Second-level cache disabled
2026-03-07 23:34:15 WARN  org.hibernate.orm.connections.pooling - HHH10001002: Using built-in connection pool (not intended for production use)
2026-03-07 23:34:15 INFO  org.hibernate.orm.connections.pooling - HHH10001005: Loaded JDBC driver class: com.mysql.cj.jdbc.Driver
2026-03-07 23:34:15 INFO  org.hibernate.orm.connections.pooling - HHH10001012: Connecting with JDBC URL [jdbc:mysql://localhost:3306/bankdb]
2026-03-07 23:34:15 INFO  org.hibernate.orm.connections.pooling - HHH10001001: Connection properties: {user=root, password=****}
2026-03-07 23:34:15 INFO  org.hibernate.orm.connections.pooling - HHH10001003: Autocommit mode: false
2026-03-07 23:34:15 INFO  org.hibernate.orm.connections.pooling - HHH10001115: Connection pool size: 20 (min=1)
2026-03-07 23:34:17 INFO  org.hibernate.orm.connections.pooling - HHH10001008: Cleaning up connection pool [jdbc:mysql://localhost:3306/bankdb]
2026-03-07 23:47:26 INFO  org.hibernate.jpa.internal.util.LogHelper - HHH000204: Processing PersistenceUnitInfo [name: bankPU]
2026-03-07 23:47:26 INFO  org.hibernate.Version - HHH000412: Hibernate ORM core version 6.4.4.Final
2026-03-07 23:47:26 INFO  org.hibernate.cache.internal.RegionFactoryInitiator - HHH000026: Second-level cache disabled
2026-03-07 23:47:27 WARN  org.hibernate.orm.connections.pooling - HHH10001002: Using built-in connection pool (not intended for production use)
2026-03-07 23:47:27 INFO  org.hibernate.orm.connections.pooling - HHH10001005: Loaded JDBC driver class: com.mysql.cj.jdbc.Driver
2026-03-07 23:47:27 INFO  org.hibernate.orm.connections.pooling - HHH10001012: Connecting with JDBC URL [jdbc:mysql://localhost:3306/bankdb]
2026-03-07 23:47:27 INFO  org.hibernate.orm.connections.pooling - HHH10001001: Connection properties: {user=root, password=****}
2026-03-07 23:47:27 INFO  org.hibernate.orm.connections.pooling - HHH10001003: Autocommit mode: false
2026-03-07 23:47:27 INFO  org.hibernate.orm.connections.pooling - HHH10001115: Connection pool size: 20 (min=1)
2026-03-07 23:47:29 INFO  org.hibernate.orm.connections.pooling - HHH10001008: Cleaning up connection pool [jdbc:mysql://localhost:3306/bankdb]
